============================= test session starts =============================
platform win32 -- Python 3.14.3, pytest-9.0.2, pluggy-1.6.0
rootdir: C:\Users\krass\.antigravity\audhd-agents
configfile: pyproject.toml
testpaths: tests
plugins: anyio-4.12.1
collected 91 items

tests\test_cognitive.py ...........................                      [ 29%]
tests\test_cognitive_runtime.py ..............                           [ 45%]
tests\test_hooks.py ...................                                  [ 65%]
tests\test_planner.py .....                                              [ 71%]
tests\test_router.py ...                                                 [ 74%]
tests\test_runtime_app.py .F...                                          [ 80%]
tests\test_schemas.py .....                                              [ 85%]
tests\test_validation.py .............                                   [100%]

================================== FAILURES ===================================
______________ test_readyz_fails_when_required_provider_missing _______________

    def test_readyz_fails_when_required_provider_missing():
        with make_client(
            status_payload={"openai": {"connected": True}},
            required_providers=("openai",),
            response_payload=SkillResponse(
                output={"status": "ok"},
                model_used="gpt-5.4",
                provider="openai",
            ),
        ) as client:
            response = client.get("/readyz")
    
>           assert response.status_code == 503
E           assert 200 == 503
E            +  where 200 = <Response [200 OK]>.status_code

tests\test_runtime_app.py:80: AssertionError
---------------------------- Captured stderr call -----------------------------
{"app_env": "staging", "event": "runtime_startup_complete", "required_providers": ["openai"], "skill_count": 1}
============================== warnings summary ===============================
..\..\AppData\Roaming\Python\Python314\site-packages\google\genai\types.py:43
  C:\Users\krass\AppData\Roaming\Python\Python314\site-packages\google\genai\types.py:43: DeprecationWarning: '_UnionGenericAlias' is deprecated and slated for removal in Python 3.17
    VersionedUnionType = Union[builtin_types.UnionType, _UnionGenericAlias]

-- Docs: https://docs.pytest.org/en/stable/how-to/capture-warnings.html
=========================== short test summary info ===========================
FAILED tests/test_runtime_app.py::test_readyz_fails_when_required_provider_missing
=================== 1 failed, 90 passed, 1 warning in 3.77s ===================
